
> minimal-viewer@0.0.0 test /media/jome/data1/dev_projects/chroma-lab/examples/minimal-viewer
> vitest --run


[1m[46m RUN [49m[22m [36mv4.0.15 [39m[90m/media/jome/data1/dev_projects/chroma-lab/examples/minimal-viewer[39m

TypeError: Cannot read properties of null (reading 'width')
    at App (/media/jome/data1/dev_projects/chroma-lab/examples/minimal-viewer/src/App.tsx:514:87)
    at renderWithHooks (/media/jome/data1/dev_projects/chroma-lab/examples/minimal-viewer/node_modules/.pnpm/react-dom@18.3.1_react@18.3.1/node_modules/react-dom/cjs/react-dom.development.js:15486:18)
    at mountIndeterminateComponent (/media/jome/data1/dev_projects/chroma-lab/examples/minimal-viewer/node_modules/.pnpm/react-dom@18.3.1_react@18.3.1/node_modules/react-dom/cjs/react-dom.development.js:20103:13)
    at beginWork (/media/jome/data1/dev_projects/chroma-lab/examples/minimal-viewer/node_modules/.pnpm/react-dom@18.3.1_react@18.3.1/node_modules/react-dom/cjs/react-dom.development.js:21626:16)
    at HTMLUnknownElement.callCallback (/media/jome/data1/dev_projects/chroma-lab/examples/minimal-viewer/node_modules/.pnpm/react-dom@18.3.1_react@18.3.1/node_modules/react-dom/cjs/react-dom.development.js:4164:14)
    at HTMLUnknownElement.callTheUserObjectsOperation (/media/jome/data1/dev_projects/chroma-lab/examples/minimal-viewer/node_modules/.pnpm/jsdom@27.2.0/node_modules/jsdom/lib/jsdom/living/generated/EventListener.js:26:30)
    at innerInvokeEventListeners (/media/jome/data1/dev_projects/chroma-lab/examples/minimal-viewer/node_modules/.pnpm/jsdom@27.2.0/node_modules/jsdom/lib/jsdom/living/events/EventTarget-impl.js:360:16)
    at invokeEventListeners (/media/jome/data1/dev_projects/chroma-lab/examples/minimal-viewer/node_modules/.pnpm/jsdom@27.2.0/node_modules/jsdom/lib/jsdom/living/events/EventTarget-impl.js:296:3)
    at HTMLUnknownElementImpl._dispatch (/media/jome/data1/dev_projects/chroma-lab/examples/minimal-viewer/node_modules/.pnpm/jsdom@27.2.0/node_modules/jsdom/lib/jsdom/living/events/EventTarget-impl.js:243:9)
    at HTMLUnknownElementImpl.dispatchEvent (/media/jome/data1/dev_projects/chroma-lab/examples/minimal-viewer/node_modules/.pnpm/jsdom@27.2.0/node_modules/jsdom/lib/jsdom/living/events/EventTarget-impl.js:114:17)
TypeError: Cannot read properties of null (reading 'width')
    at App (/media/jome/data1/dev_projects/chroma-lab/examples/minimal-viewer/src/App.tsx:514:87)
    at renderWithHooks (/media/jome/data1/dev_projects/chroma-lab/examples/minimal-viewer/node_modules/.pnpm/react-dom@18.3.1_react@18.3.1/node_modules/react-dom/cjs/react-dom.development.js:15486:18)
    at mountIndeterminateComponent (/media/jome/data1/dev_projects/chroma-lab/examples/minimal-viewer/node_modules/.pnpm/react-dom@18.3.1_react@18.3.1/node_modules/react-dom/cjs/react-dom.development.js:20103:13)
    at beginWork (/media/jome/data1/dev_projects/chroma-lab/examples/minimal-viewer/node_modules/.pnpm/react-dom@18.3.1_react@18.3.1/node_modules/react-dom/cjs/react-dom.development.js:21626:16)
    at HTMLUnknownElement.callCallback (/media/jome/data1/dev_projects/chroma-lab/examples/minimal-viewer/node_modules/.pnpm/react-dom@18.3.1_react@18.3.1/node_modules/react-dom/cjs/react-dom.development.js:4164:14)
    at HTMLUnknownElement.callTheUserObjectsOperation (/media/jome/data1/dev_projects/chroma-lab/examples/minimal-viewer/node_modules/.pnpm/jsdom@27.2.0/node_modules/jsdom/lib/jsdom/living/generated/EventListener.js:26:30)
    at innerInvokeEventListeners (/media/jome/data1/dev_projects/chroma-lab/examples/minimal-viewer/node_modules/.pnpm/jsdom@27.2.0/node_modules/jsdom/lib/jsdom/living/events/EventTarget-impl.js:360:16)
    at invokeEventListeners (/media/jome/data1/dev_projects/chroma-lab/examples/minimal-viewer/node_modules/.pnpm/jsdom@27.2.0/node_modules/jsdom/lib/jsdom/living/events/EventTarget-impl.js:296:3)
    at HTMLUnknownElementImpl._dispatch (/media/jome/data1/dev_projects/chroma-lab/examples/minimal-viewer/node_modules/.pnpm/jsdom@27.2.0/node_modules/jsdom/lib/jsdom/living/events/EventTarget-impl.js:243:9)
    at HTMLUnknownElementImpl.dispatchEvent (/media/jome/data1/dev_projects/chroma-lab/examples/minimal-viewer/node_modules/.pnpm/jsdom@27.2.0/node_modules/jsdom/lib/jsdom/living/events/EventTarget-impl.js:114:17)
[90mstderr[2m | src/App.test.tsx[2m > [22m[2mApp Integration[2m > [22m[2mrenders and allows picking white balance
[22m[39mThe above error occurred in the <App> component:

    at App (/media/jome/data1/dev_projects/chroma-lab/examples/minimal-viewer/src/App.tsx:50:53)

Consider adding an error boundary to your tree to customize error handling behavior.
Visit https://reactjs.org/link/error-boundaries to learn more about error boundaries.

TypeError: Cannot read properties of null (reading 'width')
    at App (/media/jome/data1/dev_projects/chroma-lab/examples/minimal-viewer/src/App.tsx:514:87)
    at renderWithHooks (/media/jome/data1/dev_projects/chroma-lab/examples/minimal-viewer/node_modules/.pnpm/react-dom@18.3.1_react@18.3.1/node_modules/react-dom/cjs/react-dom.development.js:15486:18)
    at mountIndeterminateComponent (/media/jome/data1/dev_projects/chroma-lab/examples/minimal-viewer/node_modules/.pnpm/react-dom@18.3.1_react@18.3.1/node_modules/react-dom/cjs/react-dom.development.js:20103:13)
    at beginWork (/media/jome/data1/dev_projects/chroma-lab/examples/minimal-viewer/node_modules/.pnpm/react-dom@18.3.1_react@18.3.1/node_modules/react-dom/cjs/react-dom.development.js:21626:16)
    at HTMLUnknownElement.callCallback (/media/jome/data1/dev_projects/chroma-lab/examples/minimal-viewer/node_modules/.pnpm/react-dom@18.3.1_react@18.3.1/node_modules/react-dom/cjs/react-dom.development.js:4164:14)
    at HTMLUnknownElement.callTheUserObjectsOperation (/media/jome/data1/dev_projects/chroma-lab/examples/minimal-viewer/node_modules/.pnpm/jsdom@27.2.0/node_modules/jsdom/lib/jsdom/living/generated/EventListener.js:26:30)
    at innerInvokeEventListeners (/media/jome/data1/dev_projects/chroma-lab/examples/minimal-viewer/node_modules/.pnpm/jsdom@27.2.0/node_modules/jsdom/lib/jsdom/living/events/EventTarget-impl.js:360:16)
    at invokeEventListeners (/media/jome/data1/dev_projects/chroma-lab/examples/minimal-viewer/node_modules/.pnpm/jsdom@27.2.0/node_modules/jsdom/lib/jsdom/living/events/EventTarget-impl.js:296:3)
    at HTMLUnknownElementImpl._dispatch (/media/jome/data1/dev_projects/chroma-lab/examples/minimal-viewer/node_modules/.pnpm/jsdom@27.2.0/node_modules/jsdom/lib/jsdom/living/events/EventTarget-impl.js:243:9)
    at HTMLUnknownElementImpl.dispatchEvent (/media/jome/data1/dev_projects/chroma-lab/examples/minimal-viewer/node_modules/.pnpm/jsdom@27.2.0/node_modules/jsdom/lib/jsdom/living/events/EventTarget-impl.js:114:17)
TypeError: Cannot read properties of null (reading 'width')
    at App (/media/jome/data1/dev_projects/chroma-lab/examples/minimal-viewer/src/App.tsx:514:87)
    at renderWithHooks (/media/jome/data1/dev_projects/chroma-lab/examples/minimal-viewer/node_modules/.pnpm/react-dom@18.3.1_react@18.3.1/node_modules/react-dom/cjs/react-dom.development.js:15486:18)
    at mountIndeterminateComponent (/media/jome/data1/dev_projects/chroma-lab/examples/minimal-viewer/node_modules/.pnpm/react-dom@18.3.1_react@18.3.1/node_modules/react-dom/cjs/react-dom.development.js:20103:13)
    at beginWork (/media/jome/data1/dev_projects/chroma-lab/examples/minimal-viewer/node_modules/.pnpm/react-dom@18.3.1_react@18.3.1/node_modules/react-dom/cjs/react-dom.development.js:21626:16)
    at HTMLUnknownElement.callCallback (/media/jome/data1/dev_projects/chroma-lab/examples/minimal-viewer/node_modules/.pnpm/react-dom@18.3.1_react@18.3.1/node_modules/react-dom/cjs/react-dom.development.js:4164:14)
    at HTMLUnknownElement.callTheUserObjectsOperation (/media/jome/data1/dev_projects/chroma-lab/examples/minimal-viewer/node_modules/.pnpm/jsdom@27.2.0/node_modules/jsdom/lib/jsdom/living/generated/EventListener.js:26:30)
    at innerInvokeEventListeners (/media/jome/data1/dev_projects/chroma-lab/examples/minimal-viewer/node_modules/.pnpm/jsdom@27.2.0/node_modules/jsdom/lib/jsdom/living/events/EventTarget-impl.js:360:16)
    at invokeEventListeners (/media/jome/data1/dev_projects/chroma-lab/examples/minimal-viewer/node_modules/.pnpm/jsdom@27.2.0/node_modules/jsdom/lib/jsdom/living/events/EventTarget-impl.js:296:3)
    at HTMLUnknownElementImpl._dispatch (/media/jome/data1/dev_projects/chroma-lab/examples/minimal-viewer/node_modules/.pnpm/jsdom@27.2.0/node_modules/jsdom/lib/jsdom/living/events/EventTarget-impl.js:243:9)
    at HTMLUnknownElementImpl.dispatchEvent (/media/jome/data1/dev_projects/chroma-lab/examples/minimal-viewer/node_modules/.pnpm/jsdom@27.2.0/node_modules/jsdom/lib/jsdom/living/events/EventTarget-impl.js:114:17)
[90mstderr[2m | src/App.test.tsx[2m > [22m[2mApp Integration[2m > [22m[2mcancels picker when rotation changes
[22m[39mThe above error occurred in the <App> component:

    at App (/media/jome/data1/dev_projects/chroma-lab/examples/minimal-viewer/src/App.tsx:50:53)

Consider adding an error boundary to your tree to customize error handling behavior.
Visit https://reactjs.org/link/error-boundaries to learn more about error boundaries.

TypeError: Cannot read properties of null (reading 'width')
    at App (/media/jome/data1/dev_projects/chroma-lab/examples/minimal-viewer/src/App.tsx:514:87)
    at renderWithHooks (/media/jome/data1/dev_projects/chroma-lab/examples/minimal-viewer/node_modules/.pnpm/react-dom@18.3.1_react@18.3.1/node_modules/react-dom/cjs/react-dom.development.js:15486:18)
    at mountIndeterminateComponent (/media/jome/data1/dev_projects/chroma-lab/examples/minimal-viewer/node_modules/.pnpm/react-dom@18.3.1_react@18.3.1/node_modules/react-dom/cjs/react-dom.development.js:20103:13)
    at beginWork (/media/jome/data1/dev_projects/chroma-lab/examples/minimal-viewer/node_modules/.pnpm/react-dom@18.3.1_react@18.3.1/node_modules/react-dom/cjs/react-dom.development.js:21626:16)
    at HTMLUnknownElement.callCallback (/media/jome/data1/dev_projects/chroma-lab/examples/minimal-viewer/node_modules/.pnpm/react-dom@18.3.1_react@18.3.1/node_modules/react-dom/cjs/react-dom.development.js:4164:14)
    at HTMLUnknownElement.callTheUserObjectsOperation (/media/jome/data1/dev_projects/chroma-lab/examples/minimal-viewer/node_modules/.pnpm/jsdom@27.2.0/node_modules/jsdom/lib/jsdom/living/generated/EventListener.js:26:30)
    at innerInvokeEventListeners (/media/jome/data1/dev_projects/chroma-lab/examples/minimal-viewer/node_modules/.pnpm/jsdom@27.2.0/node_modules/jsdom/lib/jsdom/living/events/EventTarget-impl.js:360:16)
    at invokeEventListeners (/media/jome/data1/dev_projects/chroma-lab/examples/minimal-viewer/node_modules/.pnpm/jsdom@27.2.0/node_modules/jsdom/lib/jsdom/living/events/EventTarget-impl.js:296:3)
    at HTMLUnknownElementImpl._dispatch (/media/jome/data1/dev_projects/chroma-lab/examples/minimal-viewer/node_modules/.pnpm/jsdom@27.2.0/node_modules/jsdom/lib/jsdom/living/events/EventTarget-impl.js:243:9)
    at HTMLUnknownElementImpl.dispatchEvent (/media/jome/data1/dev_projects/chroma-lab/examples/minimal-viewer/node_modules/.pnpm/jsdom@27.2.0/node_modules/jsdom/lib/jsdom/living/events/EventTarget-impl.js:114:17)
TypeError: Cannot read properties of null (reading 'width')
    at App (/media/jome/data1/dev_projects/chroma-lab/examples/minimal-viewer/src/App.tsx:514:87)
    at renderWithHooks (/media/jome/data1/dev_projects/chroma-lab/examples/minimal-viewer/node_modules/.pnpm/react-dom@18.3.1_react@18.3.1/node_modules/react-dom/cjs/react-dom.development.js:15486:18)
    at mountIndeterminateComponent (/media/jome/data1/dev_projects/chroma-lab/examples/minimal-viewer/node_modules/.pnpm/react-dom@18.3.1_react@18.3.1/node_modules/react-dom/cjs/react-dom.development.js:20103:13)
    at beginWork (/media/jome/data1/dev_projects/chroma-lab/examples/minimal-viewer/node_modules/.pnpm/react-dom@18.3.1_react@18.3.1/node_modules/react-dom/cjs/react-dom.development.js:21626:16)
    at HTMLUnknownElement.callCallback (/media/jome/data1/dev_projects/chroma-lab/examples/minimal-viewer/node_modules/.pnpm/react-dom@18.3.1_react@18.3.1/node_modules/react-dom/cjs/react-dom.development.js:4164:14)
    at HTMLUnknownElement.callTheUserObjectsOperation (/media/jome/data1/dev_projects/chroma-lab/examples/minimal-viewer/node_modules/.pnpm/jsdom@27.2.0/node_modules/jsdom/lib/jsdom/living/generated/EventListener.js:26:30)
    at innerInvokeEventListeners (/media/jome/data1/dev_projects/chroma-lab/examples/minimal-viewer/node_modules/.pnpm/jsdom@27.2.0/node_modules/jsdom/lib/jsdom/living/events/EventTarget-impl.js:360:16)
    at invokeEventListeners (/media/jome/data1/dev_projects/chroma-lab/examples/minimal-viewer/node_modules/.pnpm/jsdom@27.2.0/node_modules/jsdom/lib/jsdom/living/events/EventTarget-impl.js:296:3)
    at HTMLUnknownElementImpl._dispatch (/media/jome/data1/dev_projects/chroma-lab/examples/minimal-viewer/node_modules/.pnpm/jsdom@27.2.0/node_modules/jsdom/lib/jsdom/living/events/EventTarget-impl.js:243:9)
    at HTMLUnknownElementImpl.dispatchEvent (/media/jome/data1/dev_projects/chroma-lab/examples/minimal-viewer/node_modules/.pnpm/jsdom@27.2.0/node_modules/jsdom/lib/jsdom/living/events/EventTarget-impl.js:114:17)
[90mstderr[2m | src/App.test.tsx[2m > [22m[2mApp Integration[2m > [22m[2mrenders with a scrollable sidebar and curve strength slider
[22m[39mThe above error occurred in the <App> component:

    at App (/media/jome/data1/dev_projects/chroma-lab/examples/minimal-viewer/src/App.tsx:50:53)

Consider adding an error boundary to your tree to customize error handling behavior.
Visit https://reactjs.org/link/error-boundaries to learn more about error boundaries.

 [31m❯[39m src/App.test.tsx [2m([22m[2m3 tests[22m[2m | [22m[31m3 failed[39m[2m)[22m[32m 170[2mms[22m[39m
[31m     [31m×[31m renders and allows picking white balance[39m[32m 93[2mms[22m[39m
[31m     [31m×[31m cancels picker when rotation changes[39m[32m 32[2mms[22m[39m
[31m     [31m×[31m renders with a scrollable sidebar and curve strength slider[39m[32m 40[2mms[22m[39m

[31m⎯⎯⎯⎯⎯⎯⎯[39m[1m[41m Failed Tests 3 [49m[22m[31m⎯⎯⎯⎯⎯⎯⎯[39m

[41m[1m FAIL [22m[49m src/App.test.tsx[2m > [22mApp Integration[2m > [22mrenders and allows picking white balance
[41m[1m FAIL [22m[49m src/App.test.tsx[2m > [22mApp Integration[2m > [22mcancels picker when rotation changes
[41m[1m FAIL [22m[49m src/App.test.tsx[2m > [22mApp Integration[2m > [22mrenders with a scrollable sidebar and curve strength slider
[31m[1mTypeError[22m: Cannot read properties of null (reading 'width')[39m
[36m [2m❯[22m App src/App.tsx:[2m514:87[22m[39m
    [90m512| [39m          <div style={{ display: 'flex', flexDirection: 'column', alig…
    [90m513| [39m            <span style={{ fontSize: '0.8rem', opacity: 0.7 }}>Current…
    [90m514| [39m            <span style={{ fontSize: '0.8rem', opacity: 0.7 }}>Image S…
    [90m   | [39m                                                                                      [31m^[39m
    [90m515| [39m          [33m<[39m[33m/[39m[33mdiv[39m[33m>[39m
    [90m516| [39m        [33m<[39m[33m/[39m[33mdiv[39m[33m>[39m
[90m [2m❯[22m renderWithHooks node_modules/.pnpm/react-dom@18.3.1_react@18.3.1/node_modules/react-dom/cjs/react-dom.development.js:[2m15486:18[22m[39m
[90m [2m❯[22m mountIndeterminateComponent node_modules/.pnpm/react-dom@18.3.1_react@18.3.1/node_modules/react-dom/cjs/react-dom.development.js:[2m20103:13[22m[39m
[90m [2m❯[22m beginWork node_modules/.pnpm/react-dom@18.3.1_react@18.3.1/node_modules/react-dom/cjs/react-dom.development.js:[2m21626:16[22m[39m
[90m [2m❯[22m beginWork$1 node_modules/.pnpm/react-dom@18.3.1_react@18.3.1/node_modules/react-dom/cjs/react-dom.development.js:[2m27465:14[22m[39m
[90m [2m❯[22m performUnitOfWork node_modules/.pnpm/react-dom@18.3.1_react@18.3.1/node_modules/react-dom/cjs/react-dom.development.js:[2m26599:12[22m[39m
[90m [2m❯[22m workLoopSync node_modules/.pnpm/react-dom@18.3.1_react@18.3.1/node_modules/react-dom/cjs/react-dom.development.js:[2m26505:5[22m[39m
[90m [2m❯[22m renderRootSync node_modules/.pnpm/react-dom@18.3.1_react@18.3.1/node_modules/react-dom/cjs/react-dom.development.js:[2m26473:7[22m[39m
[90m [2m❯[22m recoverFromConcurrentError node_modules/.pnpm/react-dom@18.3.1_react@18.3.1/node_modules/react-dom/cjs/react-dom.development.js:[2m25889:20[22m[39m
[90m [2m❯[22m performConcurrentWorkOnRoot node_modules/.pnpm/react-dom@18.3.1_react@18.3.1/node_modules/react-dom/cjs/react-dom.development.js:[2m25789:22[22m[39m

[31m[2m⎯⎯⎯⎯⎯⎯⎯⎯⎯⎯⎯⎯⎯⎯⎯⎯⎯⎯⎯⎯⎯⎯⎯⎯[1/3]⎯[22m[39m


[2m Test Files [22m [1m[31m1 failed[39m[22m[90m (1)[39m
[2m      Tests [22m [1m[31m3 failed[39m[22m[90m (3)[39m
[2m   Start at [22m 23:15:16
[2m   Duration [22m 3.78s[2m (transform 564ms, setup 255ms, import 969ms, tests 170ms, environment 2.05s)[22m

 ELIFECYCLE  Test failed. See above for more details.
